// Jest Snapshot v1, https://goo.gl/fbAQLP

exports[`Flashcard should match the snapshot 1`] = `
<div
  className="Flashcard"
>
  <p
    className="question-counter"
  >
    Question 
    0
    /
    3
  </p>
  <p
    className="flashcard-question"
  />
  <div
    className="buttons-container"
  >
    <button
      className="buttons flashcard-buttons"
      key="0"
      onClick={[Function]}
      type="button"
    >
      .map()
    </button>
    <button
      className="buttons flashcard-buttons"
      key="1"
      onClick={[Function]}
      type="button"
    >
      .reduce()
    </button>
    <button
      className="buttons flashcard-buttons"
      key="2"
      onClick={[Function]}
      type="button"
    >
      .copyWithin()
    </button>
  </div>
  <p
    className="hide"
  >
    That's right! Nice work, Quizzy pro.
  </p>
  <p
    className="hide"
  >
    Not quite. Keep guessing!
  </p>
  <div
    className="learn-more"
  >
    <a
      className="mdn-link"
      rel="noopener noreferrer"
      target="_blank"
    >
      Learn More
    </a>
  </div>
</div>
`;
