// Jest Snapshot v1, https://goo.gl/fbAQLP

exports[`NavBar should match the snapshot 1`] = `
<div
  className="NavBar"
>
  <h1
    className="quizzy-title"
  >
    QUIZZY!
  </h1>
  <div
    className="filter-section"
  >
    <p
      className="choose-category"
    >
      Choose an array prototype category:
    </p>
    <button
      className="buttons filter-button"
      onClick={[Function]}
      type="button"
    >
      Mutator
    </button>
    <button
      className="buttons filter-button"
      onClick={[Function]}
      type="button"
    >
      Accessor
    </button>
    <button
      className="buttons filter-button"
      onClick={[Function]}
      type="button"
    >
      Iteration
    </button>
    <button
      className="buttons filter-button"
      onClick={[Function]}
      type="button"
    >
      All!
    </button>
  </div>
</div>
`;
